\BOOKMARK [0][-]{section*.3}{\376\377\000A\000b\000s\000t\000r\000a\000c\000t}{}% 1
\BOOKMARK [1][-]{section*.4}{\376\377\000S\000o\000m\000m\000a\000r\000i\000o}{section*.3}% 2
\BOOKMARK [0][-]{chapter.1}{\376\377\000I\000n\000t\000r\000o\000d\000u\000c\000t\000i\000o\000n}{}% 3
\BOOKMARK [1][-]{section.1.1}{\376\377\000M\000o\000t\000i\000v\000a\000t\000i\000o\000n}{chapter.1}% 4
\BOOKMARK [1][-]{section.1.2}{\376\377\000E\000n\000e\000r\000g\000y\000\040\000H\000a\000r\000v\000e\000s\000t\000i\000n\000g\000\040\000S\000y\000s\000t\000e\000m\000s}{chapter.1}% 5
\BOOKMARK [1][-]{section.1.3}{\376\377\000P\000e\000r\000f\000o\000r\000m\000a\000n\000c\000e\000\040\000m\000e\000t\000r\000i\000c\000s}{chapter.1}% 6
\BOOKMARK [1][-]{section.1.4}{\376\377\000M\000a\000i\000n\000\040\000T\000r\000a\000n\000s\000d\000u\000c\000t\000i\000o\000n\000\040\000T\000e\000c\000h\000n\000o\000l\000o\000g\000i\000e\000s}{chapter.1}% 7
\BOOKMARK [1][-]{section.1.5}{\376\377\000T\000h\000e\000\040\000V\000a\000r\000i\000a\000b\000l\000e\000\040\000R\000e\000l\000u\000c\000t\000a\000n\000c\000e\000\040\000P\000r\000i\000n\000c\000i\000p\000l\000e}{chapter.1}% 8
\BOOKMARK [1][-]{section.1.6}{\376\377\000S\000t\000a\000t\000e\000\040\000o\000f\000\040\000t\000h\000e\000\040\000A\000r\000t\000\040\000o\000f\000\040\000V\000R\000E\000H}{chapter.1}% 9
\BOOKMARK [1][-]{section.1.7}{\376\377\000O\000p\000e\000n\000\040\000C\000h\000a\000l\000l\000e\000n\000g\000e\000s}{chapter.1}% 10
\BOOKMARK [1][-]{section.1.8}{\376\377\000H\000a\000r\000v\000e\000s\000t\000e\000r\000\040\000S\000p\000e\000c\000i\000f\000i\000c\000a\000t\000i\000o\000n\000s\000\040\000a\000n\000d\000\040\000R\000e\000s\000e\000a\000r\000c\000h\000\040\000O\000b\000j\000e\000c\000t\000i\000v\000e}{chapter.1}% 11
\BOOKMARK [0][-]{chapter.2}{\376\377\000T\000h\000e\000o\000r\000e\000t\000i\000c\000a\000l\000\040\000B\000a\000c\000k\000g\000r\000o\000u\000n\000d}{}% 12
\BOOKMARK [1][-]{section.2.1}{\376\377\000E\000l\000e\000c\000t\000r\000i\000c\000a\000l\000\040\000M\000o\000d\000e\000l\000\040\000o\000f\000\040\000t\000h\000e\000\040\000V\000a\000r\000i\000a\000b\000l\000e\000-\000R\000e\000l\000u\000c\000t\000a\000n\000c\000e\000\040\000H\000a\000r\000v\000e\000s\000t\000e\000r}{chapter.2}% 13
\BOOKMARK [2][-]{subsection.2.1.1}{\376\377\000F\000a\000r\000a\000d\000a\000y\000'\000s\000\040\000l\000a\000w}{section.2.1}% 14
\BOOKMARK [2][-]{subsection.2.1.2}{\376\377\000V\000a\000r\000i\000a\000b\000l\000e\000\040\000R\000e\000l\000u\000c\000t\000a\000n\000c\000e\000\040\000P\000r\000i\000n\000c\000i\000p\000l\000e}{section.2.1}% 15
\BOOKMARK [2][-]{subsection.2.1.3}{\376\377\000E\000l\000e\000c\000t\000r\000i\000c\000a\000l\000\040\000T\000h\000e\000v\000e\000n\000i\000n\000\040\000M\000o\000d\000e\000l\000\040\000o\000f\000\040\000t\000h\000e\000\040\000P\000i\000c\000k\000u\000p\000\040\000U\000n\000i\000t}{section.2.1}% 16
\BOOKMARK [2][-]{subsection.2.1.4}{\376\377\000M\000a\000x\000i\000m\000u\000m\000\040\000P\000o\000w\000e\000r\000\040\000T\000r\000a\000n\000s\000f\000e\000r\000\040\000a\000n\000d\000\040\000I\000m\000p\000e\000d\000a\000n\000c\000e\000\040\000M\000a\000t\000c\000h\000i\000n\000g}{section.2.1}% 17
\BOOKMARK [2][-]{subsection.2.1.5}{\376\377\000T\000h\000\351\000v\000e\000n\000i\000n\000\040\000m\000o\000d\000e\000l\000\040\000o\000f\000\040\000t\000h\000e\000\040\000s\000o\000u\000r\000c\000e\000\040\000a\000n\000d\000\040\000t\000h\000e\000\040\000l\000o\000a\000d}{section.2.1}% 18
\BOOKMARK [2][-]{subsection.2.1.6}{\376\377\000P\000o\000w\000e\000r\000\040\000d\000e\000l\000i\000v\000e\000r\000e\000d\000\040\000t\000o\000\040\000t\000h\000e\000\040\000l\000o\000a\000d}{section.2.1}% 19
\BOOKMARK [2][-]{subsection.2.1.7}{\376\377\000T\000h\000e\000\040\000c\000o\000m\000p\000l\000e\000x\000\040\000c\000o\000n\000j\000u\000g\000a\000t\000e\000\040\000m\000a\000t\000c\000h\000i\000n\000g\000\040\000c\000o\000n\000d\000i\000t\000i\000o\000n}{section.2.1}% 20
\BOOKMARK [2][-]{subsection.2.1.8}{\376\377\000R\000e\000a\000l\000i\000z\000i\000n\000g\000\040\000t\000h\000e\000\040\000r\000e\000a\000c\000t\000i\000v\000e\000\040\000c\000o\000m\000p\000e\000n\000s\000a\000t\000i\000o\000n}{section.2.1}% 21
\BOOKMARK [0][-]{chapter.3}{\376\377\000V\000R\000E\000H\000\040\000S\000y\000s\000t\000e\000m\000\040\000M\000o\000d\000e\000l}{}% 22
\BOOKMARK [1][-]{section.3.1}{\376\377\000S\000y\000s\000t\000e\000m\000\040\000O\000v\000e\000r\000v\000i\000e\000w}{chapter.3}% 23
\BOOKMARK [1][-]{section.3.2}{\376\377\000M\000u\000l\000t\000i\000-\000P\000h\000a\000s\000e\000\040\000E\000l\000e\000c\000t\000r\000i\000c\000a\000l\000\040\000M\000o\000d\000e\000l}{chapter.3}% 24
\BOOKMARK [1][-]{section.3.3}{\376\377\000D\000e\000s\000i\000g\000n\000\040\000R\000e\000q\000u\000i\000r\000e\000m\000e\000n\000t\000s\000\040\000f\000o\000r\000\040\000t\000h\000e\000\040\000I\000n\000t\000e\000r\000f\000a\000c\000e\000\040\000C\000i\000r\000c\000u\000i\000t}{chapter.3}% 25
\BOOKMARK [0][-]{chapter.4}{\376\377\000P\000r\000o\000p\000o\000s\000e\000d\000\040\000R\000e\000c\000t\000i\000f\000y\000i\000n\000g\000\040\000C\000i\000r\000c\000u\000i\000t\000s}{}% 26
\BOOKMARK [1][-]{section.4.1}{\376\377\000O\000v\000e\000r\000v\000i\000e\000w}{chapter.4}% 27
\BOOKMARK [1][-]{section.4.2}{\376\377\000F\000u\000l\000l\000-\000W\000a\000v\000e\000\040\000R\000e\000c\000t\000i\000f\000i\000e\000r\000\040\000\050\000F\000W\000R\000\051}{chapter.4}% 28
\BOOKMARK [2][-]{subsection.4.2.1}{\376\377\000S\000t\000a\000r\000\040\000o\000r\000\040\000D\000e\000l\000t\000a\000\040\000C\000o\000n\000n\000e\000c\000t\000i\000o\000n\000\040\000o\000f\000\040\000t\000h\000e\000\040\000T\000h\000r\000e\000e\000-\000P\000h\000a\000s\000e\000\040\000G\000r\000o\000u\000p}{section.4.2}% 29
\BOOKMARK [1][-]{section.4.3}{\376\377\000N\000e\000g\000a\000t\000i\000v\000e\000\040\000V\000o\000l\000t\000a\000g\000e\000\040\000C\000o\000n\000v\000e\000r\000t\000e\000r\000\040\000\050\000N\000V\000C\000\051}{chapter.4}% 30
\BOOKMARK [1][-]{section.4.4}{\376\377\000A\000p\000p\000l\000i\000c\000a\000t\000i\000o\000n\000\040\000t\000o\000\040\000t\000h\000e\000\040\000S\000i\000x\000-\000P\000h\000a\000s\000e\000\040\000S\000y\000s\000t\000e\000m}{chapter.4}% 31
\BOOKMARK [0][-]{chapter.5}{\376\377\000S\000i\000m\000u\000l\000a\000t\000i\000o\000n\000s}{}% 32
\BOOKMARK [0][-]{chapter.6}{\376\377\000E\000x\000p\000e\000r\000i\000m\000e\000n\000t\000a\000l\000\040\000M\000e\000a\000s\000u\000r\000e\000m\000e\000n\000t\000\040\000S\000e\000t\000u\000p}{}% 33
\BOOKMARK [1][-]{section.6.1}{\376\377\000O\000v\000e\000r\000v\000i\000e\000w}{chapter.6}% 34
\BOOKMARK [1][-]{section.6.2}{\376\377\000D\000a\000t\000a\000\040\000A\000c\000q\000u\000i\000s\000i\000t\000i\000o\000n\000\040\000S\000y\000s\000t\000e\000m}{chapter.6}% 35
\BOOKMARK [1][-]{section.6.3}{\376\377\000C\000u\000r\000r\000e\000n\000t\000\040\000S\000e\000n\000s\000i\000n\000g\000:\000\040\000S\000h\000u\000n\000t\000\040\000R\000e\000s\000i\000s\000t\000o\000r\000s\000\040\000a\000n\000d\000\040\000I\000n\000s\000t\000r\000u\000m\000e\000n\000t\000a\000t\000i\000o\000n\000\040\000A\000m\000p\000l\000i\000f\000i\000e\000r\000s}{chapter.6}% 36
\BOOKMARK [1][-]{section.6.4}{\376\377\000C\000a\000l\000i\000b\000r\000a\000t\000i\000o\000n\000\040\000o\000f\000\040\000t\000h\000e\000\040\000C\000u\000r\000r\000e\000n\000t\000\040\000S\000e\000n\000s\000o\000r\000s}{chapter.6}% 37
\BOOKMARK [0][-]{section*.14}{\376\377\000B\000i\000b\000l\000i\000o\000g\000r\000a\000p\000h\000y}{}% 38
\BOOKMARK [0][-]{section*.16}{\376\377\000A\000c\000k\000n\000o\000w\000l\000e\000d\000g\000m\000e\000n\000t\000s}{}% 39
